     1                                 %line 1+1 movOffset.asm
     2                                 [segment .data]
     3                                 
     4 00000000 46656C6970650A          name db 'Felipe', 0xa
     5                                  lenName equ $ - name
     6                                 
     7                                 [segment .text]
     8                                 
     9                                 [global _start]
    10                                 
    11                                 _start:
    12                                 
    13 00000000 BA07000000              mov edx, lenName
    14 00000005 B9[00000000]            mov ecx, name
    15 0000000A BB01000000              mov ebx, 1
    16 0000000F B804000000              mov eax, 4
    17 00000014 CD80                    int 0x80
    18                                 
    19                                 
    20 00000016 C70425[00000000]54-     mov [name], dword 'Thiago'
    21 00000016 686961             
    22                                 
    23                                 
    24 00000021 BA07000000              mov edx, lenName
    25 00000026 B9[00000000]            mov ecx, name
    26 0000002B BB01000000              mov ebx, 1
    27 00000030 B804000000              mov eax, 4
    28 00000035 CD80                    int 0x80
    29                                 
    30                                 
    31 00000037 B801000000              mov eax, 1
    32 0000003C CD80                    int 0x80
